2022-02-03 17:39:18,074:INFO:solc 0.8.0 already installed at: /Users/kazumasadakane/.solcx/solc-v0.8.0
2022-02-03 17:40:11,293:INFO:solc 0.8.0 already installed at: /Users/kazumasadakane/.solcx/solc-v0.8.0
2022-02-03 17:40:27,973:INFO:solc 0.8.0 already installed at: /Users/kazumasadakane/.solcx/solc-v0.8.0
2022-02-03 17:52:17,236:INFO:solc 0.8.0 already installed at: /Users/kazumasadakane/.solcx/solc-v0.8.0
2022-02-03 17:52:18,877:ERROR:write_contract failed
